C:\Program Files\Microsoft Visual Studio\2022\Community\MSBuild\Microsoft\VC\v170\Microsoft.CppBuild.targets(1129,5): warning MSB8027: Fader.cpp という名前の複数のファイルでは、同じ場所に出力が生成されます。これにより、不適切なビルド結果が生じる可能性があります。関連するファイルは Common\Fader.cpp, Src\Common\Fader.cpp です。
C:\Program Files\Microsoft Visual Studio\2022\Community\MSBuild\Microsoft\VC\v170\Microsoft.CppBuild.targets(1129,5): warning MSB8027: Quaternion.cpp という名前の複数のファイルでは、同じ場所に出力が生成されます。これにより、不適切なビルド結果が生じる可能性があります。関連するファイルは Common\Quaternion.cpp, Src\Common\Quaternion.cpp です。
C:\Program Files\Microsoft Visual Studio\2022\Community\MSBuild\Microsoft\VC\v170\Microsoft.CppBuild.targets(1129,5): warning MSB8027: Vector2.cpp という名前の複数のファイルでは、同じ場所に出力が生成されます。これにより、不適切なビルド結果が生じる可能性があります。関連するファイルは Common\Vector2.cpp, Src\Common\Vector2.cpp です。
C:\Program Files\Microsoft Visual Studio\2022\Community\MSBuild\Microsoft\VC\v170\Microsoft.CppBuild.targets(1129,5): warning MSB8027: EnemyBase.cpp という名前の複数のファイルでは、同じ場所に出力が生成されます。これにより、不適切なビルド結果が生じる可能性があります。関連するファイルは Object\EnemyBase.cpp, Src\Object\Actor\Charactor\Enemy\EnemyBase.cpp です。
C:\Program Files\Microsoft Visual Studio\2022\Community\MSBuild\Microsoft\VC\v170\Microsoft.CppBuild.targets(1129,5): warning MSB8027: FCS.cpp という名前の複数のファイルでは、同じ場所に出力が生成されます。これにより、不適切なビルド結果が生じる可能性があります。関連するファイルは Object\FCS.cpp, Src\Object\Actor\Charactor\FCS.cpp です。
C:\Program Files\Microsoft Visual Studio\2022\Community\MSBuild\Microsoft\VC\v170\Microsoft.CppBuild.targets(1129,5): warning MSB8027: Camera.cpp という名前の複数のファイルでは、同じ場所に出力が生成されます。これにより、不適切なビルド結果が生じる可能性があります。関連するファイルは Manager\Camera.cpp, Src\Manager\Camera.cpp です。
C:\Program Files\Microsoft Visual Studio\2022\Community\MSBuild\Microsoft\VC\v170\Microsoft.CppBuild.targets(1129,5): warning MSB8027: InputManager.cpp という名前の複数のファイルでは、同じ場所に出力が生成されます。これにより、不適切なビルド結果が生じる可能性があります。関連するファイルは Manager\InputManager.cpp, Src\Manager\InputManager.cpp です。
C:\Program Files\Microsoft Visual Studio\2022\Community\MSBuild\Microsoft\VC\v170\Microsoft.CppBuild.targets(1129,5): warning MSB8027: Resource.cpp という名前の複数のファイルでは、同じ場所に出力が生成されます。これにより、不適切なビルド結果が生じる可能性があります。関連するファイルは Manager\Resource.cpp, Src\Manager\Resource.cpp です。
C:\Program Files\Microsoft Visual Studio\2022\Community\MSBuild\Microsoft\VC\v170\Microsoft.CppBuild.targets(1129,5): warning MSB8027: ResourceManager.cpp という名前の複数のファイルでは、同じ場所に出力が生成されます。これにより、不適切なビルド結果が生じる可能性があります。関連するファイルは Manager\ResourceManager.cpp, Src\Manager\ResourceManager.cpp です。
C:\Program Files\Microsoft Visual Studio\2022\Community\MSBuild\Microsoft\VC\v170\Microsoft.CppBuild.targets(1129,5): warning MSB8027: SceneManager.cpp という名前の複数のファイルでは、同じ場所に出力が生成されます。これにより、不適切なビルド結果が生じる可能性があります。関連するファイルは Manager\SceneManager.cpp, Src\Manager\SceneManager.cpp です。
C:\Program Files\Microsoft Visual Studio\2022\Community\MSBuild\Microsoft\VC\v170\Microsoft.CppBuild.targets(1129,5): warning MSB8027: ActorBase.cpp という名前の複数のファイルでは、同じ場所に出力が生成されます。これにより、不適切なビルド結果が生じる可能性があります。関連するファイルは Object\ActorBase.cpp, Src\Object\Actor\ActorBase.cpp です。
C:\Program Files\Microsoft Visual Studio\2022\Community\MSBuild\Microsoft\VC\v170\Microsoft.CppBuild.targets(1129,5): warning MSB8027: AnimationController.cpp という名前の複数のファイルでは、同じ場所に出力が生成されます。これにより、不適切なビルド結果が生じる可能性があります。関連するファイルは Object\Common\AnimationController.cpp, Src\Object\Common\AnimationController.cpp です。
C:\Program Files\Microsoft Visual Studio\2022\Community\MSBuild\Microsoft\VC\v170\Microsoft.CppBuild.targets(1129,5): warning MSB8027: SpeechBalloon.cpp という名前の複数のファイルでは、同じ場所に出力が生成されます。これにより、不適切なビルド結果が生じる可能性があります。関連するファイルは Object\Common\SpeechBalloon.cpp, Src\Object\Common\SpeechBalloon.cpp です。
C:\Program Files\Microsoft Visual Studio\2022\Community\MSBuild\Microsoft\VC\v170\Microsoft.CppBuild.targets(1129,5): warning MSB8027: Transform.cpp という名前の複数のファイルでは、同じ場所に出力が生成されます。これにより、不適切なビルド結果が生じる可能性があります。関連するファイルは Object\Common\Transform.cpp, Src\Object\Common\Transform.cpp です。
C:\Program Files\Microsoft Visual Studio\2022\Community\MSBuild\Microsoft\VC\v170\Microsoft.CppBuild.targets(1129,5): warning MSB8027: Player.cpp という名前の複数のファイルでは、同じ場所に出力が生成されます。これにより、不適切なビルド結果が生じる可能性があります。関連するファイルは Object\Player.cpp, Src\Object\Actor\Charactor\Player.cpp です。
C:\Program Files\Microsoft Visual Studio\2022\Community\MSBuild\Microsoft\VC\v170\Microsoft.CppBuild.targets(1129,5): warning MSB8027: SkyDome.cpp という名前の複数のファイルでは、同じ場所に出力が生成されます。これにより、不適切なビルド結果が生じる可能性があります。関連するファイルは Object\SkyDome.cpp, Src\Object\Actor\SkyDome.cpp です。
C:\Program Files\Microsoft Visual Studio\2022\Community\MSBuild\Microsoft\VC\v170\Microsoft.CppBuild.targets(1129,5): warning MSB8027: Stage.cpp という名前の複数のファイルでは、同じ場所に出力が生成されます。これにより、不適切なビルド結果が生じる可能性があります。関連するファイルは Object\Stage.cpp, Src\Object\Actor\Stage.cpp です。
C:\Program Files\Microsoft Visual Studio\2022\Community\MSBuild\Microsoft\VC\v170\Microsoft.CppBuild.targets(1129,5): warning MSB8027: GameScene.cpp という名前の複数のファイルでは、同じ場所に出力が生成されます。これにより、不適切なビルド結果が生じる可能性があります。関連するファイルは Scene\GameScene.cpp, Src\Scene\GameScene.cpp です。
C:\Program Files\Microsoft Visual Studio\2022\Community\MSBuild\Microsoft\VC\v170\Microsoft.CppBuild.targets(1129,5): warning MSB8027: SceneBase.cpp という名前の複数のファイルでは、同じ場所に出力が生成されます。これにより、不適切なビルド結果が生じる可能性があります。関連するファイルは Scene\SceneBase.cpp, Src\Scene\SceneBase.cpp です。
C:\Program Files\Microsoft Visual Studio\2022\Community\MSBuild\Microsoft\VC\v170\Microsoft.CppBuild.targets(1129,5): warning MSB8027: TitleScene.cpp という名前の複数のファイルでは、同じ場所に出力が生成されます。これにより、不適切なビルド結果が生じる可能性があります。関連するファイルは Scene\TitleScene.cpp, Src\Scene\TitleScene.cpp です。
C:\Program Files\Microsoft Visual Studio\2022\Community\MSBuild\Microsoft\VC\v170\Microsoft.CppBuild.targets(1129,5): warning MSB8027: Wepon.cpp という名前の複数のファイルでは、同じ場所に出力が生成されます。これにより、不適切なビルド結果が生じる可能性があります。関連するファイルは Src\Object\Actor\Charactor\Wepon\Wepon.cpp, Object\Wepon\Wepon.cpp です。
C:\Program Files\Microsoft Visual Studio\2022\Community\MSBuild\Microsoft\VC\v170\Microsoft.CppBuild.targets(1129,5): warning MSB8027: AsoUtility.cpp という名前の複数のファイルでは、同じ場所に出力が生成されます。これにより、不適切なビルド結果が生じる可能性があります。関連するファイルは Src\Utility\AsoUtility.cpp, Utility\AsoUtility.cpp です。
  Fader.cpp
\Common\Fader.cpp(1,1): error C1083: ソース ファイルを開けません。'Common\Fader.cpp':No such file or directory
  (ソース ファイル '/Common/Fader.cpp' をコンパイルしています)
  
  Quaternion.cpp
\Common\Quaternion.cpp(1,1): error C1083: ソース ファイルを開けません。'Common\Quaternion.cpp':No such file or directory
  (ソース ファイル '/Common/Quaternion.cpp' をコンパイルしています)
  
  Vector2.cpp
\Common\Vector2.cpp(1,1): error C1083: ソース ファイルを開けません。'Common\Vector2.cpp':No such file or directory
  (ソース ファイル '/Common/Vector2.cpp' をコンパイルしています)
  
  EnemyManager.cpp
  EnemyBase.cpp
\Object\EnemyBase.cpp(1,1): error C1083: ソース ファイルを開けません。'Object\EnemyBase.cpp':No such file or directory
  (ソース ファイル '/Object/EnemyBase.cpp' をコンパイルしています)
  
  FCS.cpp
\Object\FCS.cpp(1,1): error C1083: ソース ファイルを開けません。'Object\FCS.cpp':No such file or directory
  (ソース ファイル '/Object/FCS.cpp' をコンパイルしています)
  
  Camera.cpp
\Manager\Camera.cpp(1,1): error C1083: ソース ファイルを開けません。'Manager\Camera.cpp':No such file or directory
  (ソース ファイル '/Manager/Camera.cpp' をコンパイルしています)
  
  InputManager.cpp
\Manager\InputManager.cpp(1,1): error C1083: ソース ファイルを開けません。'Manager\InputManager.cpp':No such file or directory
  (ソース ファイル '/Manager/InputManager.cpp' をコンパイルしています)
  
  Resource.cpp
\Manager\Resource.cpp(1,1): error C1083: ソース ファイルを開けません。'Manager\Resource.cpp':No such file or directory
  (ソース ファイル '/Manager/Resource.cpp' をコンパイルしています)
  
  ResourceManager.cpp
\Manager\ResourceManager.cpp(1,1): error C1083: ソース ファイルを開けません。'Manager\ResourceManager.cpp':No such file or directory
  (ソース ファイル '/Manager/ResourceManager.cpp' をコンパイルしています)
  
  SceneManager.cpp
\Manager\SceneManager.cpp(1,1): error C1083: ソース ファイルを開けません。'Manager\SceneManager.cpp':No such file or directory
  (ソース ファイル '/Manager/SceneManager.cpp' をコンパイルしています)
  
  ActorBase.cpp
\Object\ActorBase.cpp(1,1): error C1083: ソース ファイルを開けません。'Object\ActorBase.cpp':No such file or directory
  (ソース ファイル '/Object/ActorBase.cpp' をコンパイルしています)
  
  AnimationController.cpp
\Object\Common\AnimationController.cpp(1,1): error C1083: ソース ファイルを開けません。'Object\Common\AnimationController.cpp':No such file or directory
  (ソース ファイル '/Object/Common/AnimationController.cpp' をコンパイルしています)
  
  Capsule.cpp
\Object\Common\Capsule.cpp(1,1): error C1083: ソース ファイルを開けません。'Object\Common\Capsule.cpp':No such file or directory
  (ソース ファイル '/Object/Common/Capsule.cpp' をコンパイルしています)
  
  Collider.cpp
\Object\Common\Collider.cpp(1,1): error C1083: ソース ファイルを開けません。'Object\Common\Collider.cpp':No such file or directory
  (ソース ファイル '/Object/Common/Collider.cpp' をコンパイルしています)
  
  SpeechBalloon.cpp
\Object\Common\SpeechBalloon.cpp(1,1): error C1083: ソース ファイルを開けません。'Object\Common\SpeechBalloon.cpp':No such file or directory
  (ソース ファイル '/Object/Common/SpeechBalloon.cpp' をコンパイルしています)
  
  Transform.cpp
\Object\Common\Transform.cpp(1,1): error C1083: ソース ファイルを開けません。'Object\Common\Transform.cpp':No such file or directory
  (ソース ファイル '/Object/Common/Transform.cpp' をコンパイルしています)
  
  Planet.cpp
\Object\Planet.cpp(1,1): error C1083: ソース ファイルを開けません。'Object\Planet.cpp':No such file or directory
  (ソース ファイル '/Object/Planet.cpp' をコンパイルしています)
  
  Player.cpp
\Object\Player.cpp(1,1): error C1083: ソース ファイルを開けません。'Object\Player.cpp':No such file or directory
  (ソース ファイル '/Object/Player.cpp' をコンパイルしています)
  
  SkyDome.cpp
\Object\SkyDome.cpp(1,1): error C1083: ソース ファイルを開けません。'Object\SkyDome.cpp':No such file or directory
  (ソース ファイル '/Object/SkyDome.cpp' をコンパイルしています)
  
  コードを生成中...
  コンパイル中...
  Stage.cpp
\Object\Stage.cpp(1,1): error C1083: ソース ファイルを開けません。'Object\Stage.cpp':No such file or directory
  (ソース ファイル '/Object/Stage.cpp' をコンパイルしています)
  
  WarpStar.cpp
\Object\WarpStar.cpp(1,1): error C1083: ソース ファイルを開けません。'Object\WarpStar.cpp':No such file or directory
  (ソース ファイル '/Object/WarpStar.cpp' をコンパイルしています)
  
  GameScene.cpp
\Scene\GameScene.cpp(1,1): error C1083: ソース ファイルを開けません。'Scene\GameScene.cpp':No such file or directory
  (ソース ファイル '/Scene/GameScene.cpp' をコンパイルしています)
  
  SceneBase.cpp
\Scene\SceneBase.cpp(1,1): error C1083: ソース ファイルを開けません。'Scene\SceneBase.cpp':No such file or directory
  (ソース ファイル '/Scene/SceneBase.cpp' をコンパイルしています)
  
  TitleScene.cpp
\Scene\TitleScene.cpp(1,1): error C1083: ソース ファイルを開けません。'Scene\TitleScene.cpp':No such file or directory
  (ソース ファイル '/Scene/TitleScene.cpp' をコンパイルしています)
  
  AsoUtility.cpp
  AsoUtility.cpp
\Utility\AsoUtility.cpp(1,1): error C1083: ソース ファイルを開けません。'Utility\AsoUtility.cpp':No such file or directory
  (ソース ファイル '/Utility/AsoUtility.cpp' をコンパイルしています)
  
  Wepon.cpp
\Object\Wepon\Wepon.cpp(1,1): error C1083: ソース ファイルを開けません。'Object\Wepon\Wepon.cpp':No such file or directory
  (ソース ファイル '/Object/Wepon/Wepon.cpp' をコンパイルしています)
  
  コードを生成中...
